../../Middlewares/ST/touchgfx/framework/include/touchgfx/Screen.hpp:104:18:virtual void touchgfx::Screen::afterTransition()	0	static
../../Middlewares/ST/touchgfx/framework/include/touchgfx/Screen.hpp:154:18:virtual void touchgfx::Screen::handleKeyEvent(uint8_t)	0	static
../../TouchGFX/gui/include/gui/screen_refusao_screen/Screen_refusaoView.hpp:11:13:Screen_refusaoView::~Screen_refusaoView()	0	static
C:/Users/pedro.mamud/Desktop/Pedro_EMI/Gits_Pedro/reflow-oven-v2-sw/src/TouchGFX/gui/src/screen_refusao_screen/Screen_refusaoView.cpp:19:6:virtual void Screen_refusaoView::tearDownScreen()	0	static
C:/Users/pedro.mamud/Desktop/Pedro_EMI/Gits_Pedro/reflow-oven-v2-sw/src/TouchGFX/gui/src/screen_refusao_screen/Screen_refusaoView.cpp:13:6:virtual void Screen_refusaoView::setupScreen()	0	static
C:/Users/pedro.mamud/Desktop/Pedro_EMI/Gits_Pedro/reflow-oven-v2-sw/src/TouchGFX/gui/src/screen_refusao_screen/Screen_refusaoView.cpp:25:6:virtual void Screen_refusaoView::handleTickEvent()	24	static
C:/Users/pedro.mamud/Desktop/Pedro_EMI/Gits_Pedro/reflow-oven-v2-sw/src/TouchGFX/gui/src/screen_refusao_screen/Screen_refusaoView.cpp:39:6:virtual void Screen_refusaoView::profile()	32	static
C:/Users/pedro.mamud/Desktop/Pedro_EMI/Gits_Pedro/reflow-oven-v2-sw/src/TouchGFX/gui/src/screen_refusao_screen/Screen_refusaoView.cpp:54:6:virtual void Screen_refusaoView::startReflow()	8	static
../../TouchGFX/gui/include/gui/screen_refusao_screen/Screen_refusaoView.hpp:11:13:virtual Screen_refusaoView::~Screen_refusaoView()	8	static
C:/Users/pedro.mamud/Desktop/Pedro_EMI/Gits_Pedro/reflow-oven-v2-sw/src/TouchGFX/gui/src/screen_refusao_screen/Screen_refusaoView.cpp:8:1:Screen_refusaoView::Screen_refusaoView()	16	static
