../../TouchGFX/gui/include/gui/screen_configuracao_screen/Screen_ConfiguracaoPresenter.hpp:28:13:Screen_ConfiguracaoPresenter::~Screen_ConfiguracaoPresenter()	0	static
C:/Users/pedro.mamud/Desktop/Pedro_EMI/Gits_Pedro/reflow-oven-v2-sw/src/TouchGFX/gui/src/screen_configuracao_screen/Screen_ConfiguracaoPresenter.cpp:10:6:virtual void Screen_ConfiguracaoPresenter::activate()	0	static
../../TouchGFX/gui/include/gui/screen_configuracao_screen/Screen_ConfiguracaoPresenter.hpp:28:13:virtual Screen_ConfiguracaoPresenter::~Screen_ConfiguracaoPresenter()	8	static
../../TouchGFX/gui/include/gui/screen_configuracao_screen/Screen_ConfiguracaoPresenter.hpp:28:13:virtual void* Screen_ConfiguracaoPresenter::_ZThn4_N28Screen_ConfiguracaoPresenterD1Ev()	0	static
C:/Users/pedro.mamud/Desktop/Pedro_EMI/Gits_Pedro/reflow-oven-v2-sw/src/TouchGFX/gui/src/screen_configuracao_screen/Screen_ConfiguracaoPresenter.cpp:4:1:Screen_ConfiguracaoPresenter::Screen_ConfiguracaoPresenter(Screen_ConfiguracaoView&)	8	static
