../../Middlewares/ST/touchgfx/framework/include/touchgfx/Screen.hpp:104:18:virtual void touchgfx::Screen::afterTransition()	0	static
../../Middlewares/ST/touchgfx/framework/include/touchgfx/Screen.hpp:144:18:virtual void touchgfx::Screen::handleTickEvent()	0	static
../../Middlewares/ST/touchgfx/framework/include/touchgfx/Screen.hpp:154:18:virtual void touchgfx::Screen::handleKeyEvent(uint8_t)	0	static
../../TouchGFX/gui/include/gui/screen_configuracao_screen/Screen_ConfiguracaoView.hpp:11:13:Screen_ConfiguracaoView::~Screen_ConfiguracaoView()	0	static
C:/Users/pedro.mamud/Desktop/Pedro_EMI/Gits_Pedro/reflow-oven-v2-sw/src/TouchGFX/gui/src/screen_configuracao_screen/Screen_ConfiguracaoView.cpp:13:6:virtual void Screen_ConfiguracaoView::tearDownScreen()	0	static
C:/Users/pedro.mamud/Desktop/Pedro_EMI/Gits_Pedro/reflow-oven-v2-sw/src/TouchGFX/gui/src/screen_configuracao_screen/Screen_ConfiguracaoView.cpp:8:6:virtual void Screen_ConfiguracaoView::setupScreen()	0	static
../../TouchGFX/gui/include/gui/screen_configuracao_screen/Screen_ConfiguracaoView.hpp:11:13:virtual Screen_ConfiguracaoView::~Screen_ConfiguracaoView()	8	static
C:/Users/pedro.mamud/Desktop/Pedro_EMI/Gits_Pedro/reflow-oven-v2-sw/src/TouchGFX/gui/src/screen_configuracao_screen/Screen_ConfiguracaoView.cpp:3:1:Screen_ConfiguracaoView::Screen_ConfiguracaoView()	8	static
