../../Middlewares/ST/touchgfx/framework/include/touchgfx/Screen.hpp:104:18:virtual void touchgfx::Screen::afterTransition()	0	static
../../Middlewares/ST/touchgfx/framework/include/touchgfx/Screen.hpp:154:18:virtual void touchgfx::Screen::handleKeyEvent(uint8_t)	0	static
../../TouchGFX/gui/include/gui/screen_refusao_screen/Screen_refusaoView.hpp:11:13:Screen_refusaoView::~Screen_refusaoView()	0	static
C:/Users/pedro.mamud/Desktop/Pedro_EMI/Gits_Pedro/reflow-oven-v2-sw/src/TouchGFX/gui/src/screen_refusao_screen/Screen_refusaoView.cpp:37:6:virtual void Screen_refusaoView::tearDownScreen()	0	static
C:/Users/pedro.mamud/Desktop/Pedro_EMI/Gits_Pedro/reflow-oven-v2-sw/src/TouchGFX/gui/src/screen_refusao_screen/Screen_refusaoView.cpp:31:6:virtual void Screen_refusaoView::setupScreen()	0	static
C:/Users/pedro.mamud/Desktop/Pedro_EMI/Gits_Pedro/reflow-oven-v2-sw/src/TouchGFX/gui/src/screen_refusao_screen/Screen_refusaoView.cpp:43:6:virtual void Screen_refusaoView::handleTickEvent()	24	static
C:/Users/pedro.mamud/Desktop/Pedro_EMI/Gits_Pedro/reflow-oven-v2-sw/src/TouchGFX/gui/src/screen_refusao_screen/Screen_refusaoView.cpp:155:6:virtual void Screen_refusaoView::clear()	8	static
C:/Users/pedro.mamud/Desktop/Pedro_EMI/Gits_Pedro/reflow-oven-v2-sw/src/TouchGFX/gui/src/screen_refusao_screen/Screen_refusaoView.cpp:56:6:virtual void Screen_refusaoView::profile()	32	static
C:/Users/pedro.mamud/Desktop/Pedro_EMI/Gits_Pedro/reflow-oven-v2-sw/src/TouchGFX/gui/src/screen_refusao_screen/Screen_refusaoView.cpp:82:6:virtual void Screen_refusaoView::profile_2()	32	static
C:/Users/pedro.mamud/Desktop/Pedro_EMI/Gits_Pedro/reflow-oven-v2-sw/src/TouchGFX/gui/src/screen_refusao_screen/Screen_refusaoView.cpp:107:6:virtual void Screen_refusaoView::profile_3()	32	static
C:/Users/pedro.mamud/Desktop/Pedro_EMI/Gits_Pedro/reflow-oven-v2-sw/src/TouchGFX/gui/src/screen_refusao_screen/Screen_refusaoView.cpp:132:6:virtual void Screen_refusaoView::profile_4()	32	static
../../TouchGFX/gui/include/gui/screen_refusao_screen/Screen_refusaoView.hpp:11:13:virtual Screen_refusaoView::~Screen_refusaoView()	8	static
C:/Users/pedro.mamud/Desktop/Pedro_EMI/Gits_Pedro/reflow-oven-v2-sw/src/TouchGFX/gui/src/screen_refusao_screen/Screen_refusaoView.cpp:167:6:virtual void Screen_refusaoView::startReflow()	16	static
C:/Users/pedro.mamud/Desktop/Pedro_EMI/Gits_Pedro/reflow-oven-v2-sw/src/TouchGFX/gui/src/screen_refusao_screen/Screen_refusaoView.cpp:26:1:Screen_refusaoView::Screen_refusaoView()	8	static
