../../Middlewares/ST/touchgfx/framework/include/touchgfx/Screen.hpp:104:18:virtual void touchgfx::Screen::afterTransition()	0	static
../../Middlewares/ST/touchgfx/framework/include/touchgfx/Screen.hpp:154:18:virtual void touchgfx::Screen::handleKeyEvent(uint8_t)	0	static
../../TouchGFX/gui/include/gui/screen1_screen/Screen1View.hpp:11:13:Screen1View::~Screen1View()	0	static
C:/Users/pedro.mamud/Desktop/CONTROLE_PID_v1_PEDRO/TouchGFX/gui/src/screen1_screen/Screen1View.cpp:19:6:virtual void Screen1View::tearDownScreen()	0	static
C:/Users/pedro.mamud/Desktop/CONTROLE_PID_v1_PEDRO/TouchGFX/gui/src/screen1_screen/Screen1View.cpp:14:6:virtual void Screen1View::setupScreen()	0	static
C:/Users/pedro.mamud/Desktop/CONTROLE_PID_v1_PEDRO/TouchGFX/gui/src/screen1_screen/Screen1View.cpp:24:6:virtual void Screen1View::handleTickEvent()	24	static
C:/Users/pedro.mamud/Desktop/CONTROLE_PID_v1_PEDRO/TouchGFX/gui/src/screen1_screen/Screen1View.cpp:38:6:virtual void Screen1View::profile()	32	static
C:/Users/pedro.mamud/Desktop/CONTROLE_PID_v1_PEDRO/TouchGFX/gui/src/screen1_screen/Screen1View.cpp:52:6:virtual void Screen1View::startReflow()	8	static
../../TouchGFX/gui/include/gui/screen1_screen/Screen1View.hpp:11:13:virtual Screen1View::~Screen1View()	8	static
C:/Users/pedro.mamud/Desktop/CONTROLE_PID_v1_PEDRO/TouchGFX/gui/src/screen1_screen/Screen1View.cpp:9:1:Screen1View::Screen1View()	16	static
