../../TouchGFX/gui/include/gui/screen_inicializacao_screen/Screen_inicializacaoPresenter.hpp:28:13:Screen_inicializacaoPresenter::~Screen_inicializacaoPresenter()	0	static
C:/Users/pedro.mamud/Desktop/Pedro_EMI/Gits_Pedro/reflow-oven-v2-sw/src/TouchGFX/gui/src/screen_inicializacao_screen/Screen_inicializacaoPresenter.cpp:10:6:virtual void Screen_inicializacaoPresenter::activate()	0	static
../../TouchGFX/gui/include/gui/screen_inicializacao_screen/Screen_inicializacaoPresenter.hpp:28:13:virtual Screen_inicializacaoPresenter::~Screen_inicializacaoPresenter()	8	static
../../TouchGFX/gui/include/gui/screen_inicializacao_screen/Screen_inicializacaoPresenter.hpp:28:13:virtual void* Screen_inicializacaoPresenter::_ZThn4_N29Screen_inicializacaoPresenterD1Ev()	0	static
C:/Users/pedro.mamud/Desktop/Pedro_EMI/Gits_Pedro/reflow-oven-v2-sw/src/TouchGFX/gui/src/screen_inicializacao_screen/Screen_inicializacaoPresenter.cpp:4:1:Screen_inicializacaoPresenter::Screen_inicializacaoPresenter(Screen_inicializacaoView&)	8	static
