C:/Users/pedro.mamud/Desktop/Pedro_EMI/Gits_Pedro/reflow-oven-v2-sw/src/Drivers/STM32F7xx_HAL_Driver/Src/stm32f7xx_hal_i2c_ex.c:91:19:HAL_I2CEx_ConfigAnalogFilter	8	static
C:/Users/pedro.mamud/Desktop/Pedro_EMI/Gits_Pedro/reflow-oven-v2-sw/src/Drivers/STM32F7xx_HAL_Driver/Src/stm32f7xx_hal_i2c_ex.c:135:19:HAL_I2CEx_ConfigDigitalFilter	8	static
C:/Users/pedro.mamud/Desktop/Pedro_EMI/Gits_Pedro/reflow-oven-v2-sw/src/Drivers/STM32F7xx_HAL_Driver/Src/stm32f7xx_hal_i2c_ex.c:215:6:HAL_I2CEx_EnableFastModePlus	8	static
C:/Users/pedro.mamud/Desktop/Pedro_EMI/Gits_Pedro/reflow-oven-v2-sw/src/Drivers/STM32F7xx_HAL_Driver/Src/stm32f7xx_hal_i2c_ex.c:244:6:HAL_I2CEx_DisableFastModePlus	8	static
