C:/Users/pedro.mamud/Desktop/Pedro_EMI/Gits_Pedro/reflow-oven-v2-sw/src/TouchGFX/target/STM32TouchController.cpp:32:6:virtual void STM32TouchController::init()	0	static
../../TouchGFX/target/STM32TouchController.hpp:36:7:STM32TouchController::~STM32TouchController()	0	static
../../TouchGFX/target/STM32TouchController.hpp:36:7:virtual STM32TouchController::~STM32TouchController()	8	static
C:/Users/pedro.mamud/Desktop/Pedro_EMI/Gits_Pedro/reflow-oven-v2-sw/src/TouchGFX/target/STM32TouchController.cpp:41:6:virtual bool STM32TouchController::sampleTouch(int32_t&, int32_t&)	24	static
C:/Users/pedro.mamud/Desktop/Pedro_EMI/Gits_Pedro/reflow-oven-v2-sw/src/TouchGFX/target/STM32TouchController.cpp:147:6:void TS_IO_Write(uint8_t, uint8_t, uint8_t)	32	static
C:/Users/pedro.mamud/Desktop/Pedro_EMI/Gits_Pedro/reflow-oven-v2-sw/src/TouchGFX/target/STM32TouchController.cpp:158:9:uint8_t TS_IO_Read(uint8_t, uint8_t)	32	static
C:/Users/pedro.mamud/Desktop/Pedro_EMI/Gits_Pedro/reflow-oven-v2-sw/src/TouchGFX/target/STM32TouchController.cpp:172:6:void TS_IO_Delay(uint32_t)	0	static
