C:/Users/pedro.mamud/Desktop/CONTROLE_PID_v1_PEDRO/Core/Src/main.c:438:6:SystemClock_Config	1
C:/Users/pedro.mamud/Desktop/CONTROLE_PID_v1_PEDRO/Core/Src/main.c:968:7:heatf	2
C:/Users/pedro.mamud/Desktop/CONTROLE_PID_v1_PEDRO/Core/Src/main.c:1038:6:HAL_TIM_PeriodElapsedCallback	2
C:/Users/pedro.mamud/Desktop/CONTROLE_PID_v1_PEDRO/Core/Src/main.c:1095:6:calculateReflowCurve	7
C:/Users/pedro.mamud/Desktop/CONTROLE_PID_v1_PEDRO/Core/Src/main.c:220:5:main	13
C:/Users/pedro.mamud/Desktop/CONTROLE_PID_v1_PEDRO/Core/Src/main.c:1216:6:Error_Handler	1
