C:/Users/pedro.mamud/Desktop/Pedro_EMI/Gits_Pedro/reflow-oven-v2-sw/src/Core/Src/main.c:464:6:SystemClock_Config	1
C:/Users/pedro.mamud/Desktop/Pedro_EMI/Gits_Pedro/reflow-oven-v2-sw/src/Core/Src/main.c:994:7:heatf	2
C:/Users/pedro.mamud/Desktop/Pedro_EMI/Gits_Pedro/reflow-oven-v2-sw/src/Core/Src/main.c:1069:6:HAL_TIM_PeriodElapsedCallback	2
C:/Users/pedro.mamud/Desktop/Pedro_EMI/Gits_Pedro/reflow-oven-v2-sw/src/Core/Src/main.c:1084:6:calculateReflowCurve	7
C:/Users/pedro.mamud/Desktop/Pedro_EMI/Gits_Pedro/reflow-oven-v2-sw/src/Core/Src/main.c:1154:6:calculateReflowCurve2	7
C:/Users/pedro.mamud/Desktop/Pedro_EMI/Gits_Pedro/reflow-oven-v2-sw/src/Core/Src/main.c:1223:6:calculateReflowCurve3	7
C:/Users/pedro.mamud/Desktop/Pedro_EMI/Gits_Pedro/reflow-oven-v2-sw/src/Core/Src/main.c:1293:6:calculateReflowCurve4	7
C:/Users/pedro.mamud/Desktop/Pedro_EMI/Gits_Pedro/reflow-oven-v2-sw/src/Core/Src/main.c:229:5:main	17
C:/Users/pedro.mamud/Desktop/Pedro_EMI/Gits_Pedro/reflow-oven-v2-sw/src/Core/Src/main.c:1370:6:Error_Handler	1
