C:/Users/pedro.mamud/Desktop/CONTROLE_PID_v1_PEDRO/Core/Src/stm32f7xx_hal_msp.c:66:6:HAL_MspInit	8	static
C:/Users/pedro.mamud/Desktop/CONTROLE_PID_v1_PEDRO/Core/Src/stm32f7xx_hal_msp.c:88:6:HAL_CRC_MspInit	8	static
C:/Users/pedro.mamud/Desktop/CONTROLE_PID_v1_PEDRO/Core/Src/stm32f7xx_hal_msp.c:110:6:HAL_CRC_MspDeInit	0	static
C:/Users/pedro.mamud/Desktop/CONTROLE_PID_v1_PEDRO/Core/Src/stm32f7xx_hal_msp.c:132:6:HAL_DMA2D_MspInit	16	static
C:/Users/pedro.mamud/Desktop/CONTROLE_PID_v1_PEDRO/Core/Src/stm32f7xx_hal_msp.c:157:6:HAL_DMA2D_MspDeInit	0	static
C:/Users/pedro.mamud/Desktop/CONTROLE_PID_v1_PEDRO/Core/Src/stm32f7xx_hal_msp.c:182:6:HAL_I2C_MspInit	168	static
C:/Users/pedro.mamud/Desktop/CONTROLE_PID_v1_PEDRO/Core/Src/stm32f7xx_hal_msp.c:227:6:HAL_I2C_MspDeInit	8	static
C:/Users/pedro.mamud/Desktop/CONTROLE_PID_v1_PEDRO/Core/Src/stm32f7xx_hal_msp.c:258:6:HAL_LTDC_MspInit	192	static
C:/Users/pedro.mamud/Desktop/CONTROLE_PID_v1_PEDRO/Core/Src/stm32f7xx_hal_msp.c:374:6:HAL_LTDC_MspDeInit	8	static
C:/Users/pedro.mamud/Desktop/CONTROLE_PID_v1_PEDRO/Core/Src/stm32f7xx_hal_msp.c:443:6:HAL_QSPI_MspInit	64	static
C:/Users/pedro.mamud/Desktop/CONTROLE_PID_v1_PEDRO/Core/Src/stm32f7xx_hal_msp.c:506:6:HAL_QSPI_MspDeInit	8	static
C:/Users/pedro.mamud/Desktop/CONTROLE_PID_v1_PEDRO/Core/Src/stm32f7xx_hal_msp.c:543:6:HAL_TIM_PWM_MspInit	8	static
C:/Users/pedro.mamud/Desktop/CONTROLE_PID_v1_PEDRO/Core/Src/stm32f7xx_hal_msp.c:565:6:HAL_TIM_Base_MspInit	16	static
C:/Users/pedro.mamud/Desktop/CONTROLE_PID_v1_PEDRO/Core/Src/stm32f7xx_hal_msp.c:584:6:HAL_TIM_MspPostInit	32	static
C:/Users/pedro.mamud/Desktop/CONTROLE_PID_v1_PEDRO/Core/Src/stm32f7xx_hal_msp.c:616:6:HAL_TIM_PWM_MspDeInit	0	static
C:/Users/pedro.mamud/Desktop/CONTROLE_PID_v1_PEDRO/Core/Src/stm32f7xx_hal_msp.c:638:6:HAL_TIM_Base_MspDeInit	0	static
C:/Users/pedro.mamud/Desktop/CONTROLE_PID_v1_PEDRO/Core/Src/stm32f7xx_hal_msp.c:765:6:HAL_SDRAM_MspInit	48	static
C:/Users/pedro.mamud/Desktop/CONTROLE_PID_v1_PEDRO/Core/Src/stm32f7xx_hal_msp.c:851:6:HAL_SDRAM_MspDeInit	8	static
